Microchip MPLAB XC8 Compiler V2.41

Linker command line:

-W-3 \
  --edf=C:\Program Files\Microchip\xc8\v2.41\pic\dat\20230208172133_en.msgs \
  -cn -h+dist/default/production\leku_car_black_box.X.production.sym \
  --cmf=dist/default/production\leku_car_black_box.X.production.cmf -z \
  -Q18F4580 -oC:\Users\POORVIKA\AppData\Local\Temp\xcAs3bg.\driver_tmp_3.o \
  --defsym=__MPLAB_BUILD=1 --fixupoverflow=error \
  -Mdist/default/production/leku_car_black_box.X.production.map \
  --md=C:\Users\POORVIKA\AppData\Local\Temp\xcAs3bg.\driver_tmp_0.dat -E1 \
  -ver=XC8 Compiler --acfsm=1493 -ACODE=00h-03000h -ACONST=00h-03000h \
  -ASMALLCONST=0600h-06FFhx42,03000h-03000h -AMEDIUMCONST=0600h-03000h \
  -ACOMRAM=01h-05Fh -AABS1=00h-05FFh -ABIGRAM=01h-05FFh \
  -ARAM=060h-0FFh,0100h-01FFhx5 -ABANK0=060h-0FFh -ABANK1=0100h-01FFh \
  -ABANK2=0200h-02FFh -ABANK3=0300h-03FFh -ABANK4=0400h-04FFh \
  -ABANK5=0500h-05FFh -ASFR=0D00h-0DFFhx2,0F00h-0F5Fh,0F60h-0FFFh \
  -ABIGSFR=0D00h-0FFFh -ACONFIG=0300000h-030000Dh -AIDLOC=0200000h-0200007h \
  -AEEDATA=0F00000h-0F000FFh -peeprom_data=EEDATA \
  -preset_vec=00h,intcode=08h,intcodelo,powerup,init -pramtop=0600h \
  -psmallconst=SMALLCONST -pmediumconst=MEDIUMCONST -pconst=CONST \
  -AFARRAM=00h-00h \
  -prdata=COMRAM,nvrram=COMRAM,nvbit=COMRAM,rbss=COMRAM,rbit=COMRAM \
  -pfarbss=FARRAM,fardata=FARRAM,nvFARRAM=FARRAM \
  -pintsave_regs=BIGRAM,bigbss=BIGRAM,bigdata=BIGRAM -pbss=RAM \
  -pidata=CODE,irdata=CODE,ibigdata=CODE,ifardata=CODE -prparam=COMRAM \
  C:\Users\POORVIKA\AppData\Local\Temp\xcAs3bg.\driver_tmp_9.o \
  dist/default/production\leku_car_black_box.X.production.o 

Object code version is 3.11

Machine type is 18F4580



                Name                               Link     Load   Length Selector   Space Scale
C:\Users\POORVIKA\AppData\Local\Temp\xcAs3bg.\driver_tmp_9.o
                idloc                            200000   200000        8        0       5
                config                           300000   300000        E        0       4
                init                                  E        E        4        4       0
                reset_vec                             0        0        4        0       0
dist/default/production\leku_car_black_box.X.production.o
                intcode                               8        8        6        4       0
                idloc                            200000   200000        8        0       5
                config                           300000   300000        E        0       4
                temp                                 5E       5E        1        1       1
                mediumconst                        2E52     2E52      1AE     1729       0
                intcode_body                       2678     2678       5A        4       0
                text44                              E82      E82      39A        4       0
                text43                             202A     202A      106        4       0
                text42                             1C00     1C00      1B4        4       0
                text41                             27F4     27F4       3A     1394       0
                text40                             254C     254C       6C        4       0
                text39                             296A     296A       18     1394       0
                text38                             2130     2130       C4        4       0
                text37                             21F4     21F4       B0        4       0
                text36                             2A08     2A08        6     1394       0
                text35                             29BE     29BE       12     1394       0
                text34                             2A00     2A00        8     1394       0
                text33                             29DC     29DC        C     1394       0
                text32                             29F8     29F8        8     1394       0
                text31                             29F0     29F0        8     1394       0
                text30                             29E8     29E8        8     1394       0
                text29                             29D0     29D0        C     1394       0
                text28                             2884     2884       2A     1394       0
                text27                             27B4     27B4       40     1394       0
                text26                             1DB4     1DB4      16E        4       0
                text25                              AA6      AA6      3DC        4       0
                text24                             23DE     23DE       82        4       0
                text23                             24D6     24D6       76        4       0
                text22                             2952     2952       18     1394       0
                text21                             261A     261A       5E        4       0
                text20                             1580     1580      26C        4       0
                text19                             285A     285A       2A     1394       0
                text18                             25B8     25B8       62        4       0
                text17                             2914     2914       20     1394       0
                text16                             22A4     22A4       A8        4       0
                text15                             2934     2934       1E     1394       0
                text14                             276E     276E       46     1394       0
                text13                             2982     2982       16     1394       0
                text12                             29AC     29AC       12     1394       0
                text11                             2998     2998       14     1394       0
                text10                             28F4     28F4       20     1394       0
                text9                              28D4     28D4       20     1394       0
                text8                              1A42     1A42      1BE        4       0
                text7                              121C     121C      364        4       0
                text6                              2728     2728       46     1394       0
                text5                                12       12      6AE        4       0
                text4                              28AE     28AE       26     1394       0
                text3                              1F22     1F22      108        4       0
                text2                              2460     2460       76        4       0
                text1                               6C0      6C0      3E6        4       0
                text0                              17EC     17EC      256        4       0
                cstackCOMRAM                          1        1       32        1       1
                dataBANK2                           200      200       55      200       1
                bssBANK1                            100      100       FA      100       1
                dataBANK0                            AC       AC       2C       60       1
                bssBANK0                             60       60       4C       60       1
                dataCOMRAM                           5A       5A        4        1       1
                bssCOMRAM                            33       33       27        1       1
                cinit                              234C     234C       92        4       0
                idataBANK2                         26D2     26D2       55        4       0
                idataBANK0                         282E     282E       2C     1394       0
                idataCOMRAM                        2A0E     2A0E        4     1394       0

TOTAL           Name                               Link     Load   Length     Space
        CLASS   CODE           
                intcode                               8        8        6         0
                init                                  E        E        4         0
                reset_vec                             0        0        4         0
                intcode_body                       2678     2678       5A         0
                text44                              E82      E82      39A         0
                text43                             202A     202A      106         0
                text42                             1C00     1C00      1B4         0
                text41                             27F4     27F4       3A         0
                text40                             254C     254C       6C         0
                text39                             296A     296A       18         0
                text38                             2130     2130       C4         0
                text37                             21F4     21F4       B0         0
                text36                             2A08     2A08        6         0
                text35                             29BE     29BE       12         0
                text34                             2A00     2A00        8         0
                text33                             29DC     29DC        C         0
                text32                             29F8     29F8        8         0
                text31                             29F0     29F0        8         0
                text30                             29E8     29E8        8         0
                text29                             29D0     29D0        C         0
                text28                             2884     2884       2A         0
                text27                             27B4     27B4       40         0
                text26                             1DB4     1DB4      16E         0
                text25                              AA6      AA6      3DC         0
                text24                             23DE     23DE       82         0
                text23                             24D6     24D6       76         0
                text22                             2952     2952       18         0
                text21                             261A     261A       5E         0
                text20                             1580     1580      26C         0
                text19                             285A     285A       2A         0
                text18                             25B8     25B8       62         0
                text17                             2914     2914       20         0
                text16                             22A4     22A4       A8         0
                text15                             2934     2934       1E         0
                text14                             276E     276E       46         0
                text13                             2982     2982       16         0
                text12                             29AC     29AC       12         0
                text11                             2998     2998       14         0
                text10                             28F4     28F4       20         0
                text9                              28D4     28D4       20         0
                text8                              1A42     1A42      1BE         0
                text7                              121C     121C      364         0
                text6                              2728     2728       46         0
                text5                                12       12      6AE         0
                text4                              28AE     28AE       26         0
                text3                              1F22     1F22      108         0
                text2                              2460     2460       76         0
                text1                               6C0      6C0      3E6         0
                text0                              17EC     17EC      256         0
                cinit                              234C     234C       92         0
                idataBANK2                         26D2     26D2       55         0
                idataBANK0                         282E     282E       2C         0
                idataCOMRAM                        2A0E     2A0E        4         0

        CLASS   CONST          

        CLASS   SMALLCONST     

        CLASS   MEDIUMCONST    
                mediumconst                        2E52     2E52      1AE         0

        CLASS   COMRAM         
                temp                                 5E       5E        1         1
                cstackCOMRAM                          1        1       32         1
                dataCOMRAM                           5A       5A        4         1
                bssCOMRAM                            33       33       27         1

        CLASS   ABS1           

        CLASS   BIGRAM         

        CLASS   RAM            

        CLASS   BANK0          
                dataBANK0                            AC       AC       2C         1
                bssBANK0                             60       60       4C         1

        CLASS   BANK1          
                bssBANK1                            100      100       FA         1

        CLASS   BANK2          
                dataBANK2                           200      200       55         1

        CLASS   BANK3          

        CLASS   BANK4          

        CLASS   BANK5          

        CLASS   SFR            

        CLASS   BIGSFR         

        CLASS   CONFIG         
                config                           300000   300000        E         4

        CLASS   IDLOC          
                idloc                            200000   200000        8         5

        CLASS   EEDATA         

        CLASS   FARRAM         

        CLASS   HEAP           

        CLASS   STACK          



SEGMENTS        Name                           Load    Length   Top    Selector   Space  Class

                reset_vec                      000000  000004  000004         0       0  CODE    
                cstackCOMRAM                   000001  00005E  00005F         1       1  COMRAM  
                intcode                        000008  00271F  002727         4       0  CODE    
                bssBANK0                       000060  000078  0000D8        60       1  BANK0   
                bssBANK1                       000100  0000FA  0001FA       100       1  BANK1   
                dataBANK2                      000200  000055  000255       200       1  BANK2   
                text6                          002728  0002EA  002A12      1394       0  CODE    
                mediumconst                    002E52  0001AE  003000      1729       0  MEDIUMCO


UNUSED ADDRESS RANGES

        Name                Unused          Largest block    Delta
        BANK0            0000D8-0000FF               28
        BANK1            0001FA-0001FF                6
        BANK2            000255-0002FF               AB
        BANK3            000300-0003FF              100
        BANK4            000400-0004FF              100
        BANK5            000500-0005FF              100
        BIGRAM           00005F-00005F                1
                         0000D8-0000FF               28
                         0001FA-0001FF                6
                         000255-0005FF              3AB
        BIGSFR           000D00-000FFF              300
        CODE             000004-000007                4
                         002727-002727                1
                         002A12-002E51              440
                         003000-003000                1
        COMRAM           00005F-00005F                1
        CONST            000004-000007                4
                         002727-002727                1
                         002A12-002E51              440
                         003000-003000                1
        EEDATA           F00000-F000FF              100
        MEDIUMCONST      002727-002727                1
                         002A12-002E51              440
                         003000-003000                1
        RAM              0000D8-0000FF               28
                         0001FA-0001FF                6
                         000255-0005FF              100
        SFR              000D00-000FFF              100
        SMALLCONST       002727-002727                1
                         002A12-002E51              100
                         003000-003000                1

                                  Symbol Table

?___awdiv                    cstackCOMRAM 000001
?___awmod                    cstackCOMRAM 000001
?___fldiv                    cstackCOMRAM 00000F
?___fltol                    cstackCOMRAM 000028
?___wmul                     cstackCOMRAM 000001
?___xxtofl                   cstackCOMRAM 000001
?_read_adc                   cstackCOMRAM 000001
_ACKDT                       (abs)        007E2D
_ACKEN                       (abs)        007E2C
_ACKSTAT                     (abs)        007E2E
_ACQT0                       (abs)        007E03
_ACQT1                       (abs)        007E04
_ACQT2                       (abs)        007E05
_ADCON0                      (abs)        000FC2
_ADCON1                      (abs)        000FC1
_ADCS0                       (abs)        007E00
_ADCS1                       (abs)        007E01
_ADCS2                       (abs)        007E02
_ADFM                        (abs)        007E07
_ADON                        (abs)        007E10
_ADRESH                      (abs)        000FC4
_ADRESL                      (abs)        000FC3
_BCLIF                       (abs)        007D0B
_BRG16                       (abs)        007DC3
_BRGH                        (abs)        007D62
_CKE                         (abs)        007E3E
_CREN                        (abs)        007D5C
_GIE                         (abs)        007F97
_GO                          (abs)        007E11
_GODONE                      (abs)        007E11
_PEN                         (abs)        007E2A
_PORTB                       (abs)        000F81
_PORTBbits                   (abs)        000F81
_PORTD                       (abs)        000F83
_PSA                         (abs)        007EAB
_RBPU                        (abs)        007F8F
_RC0                         (abs)        007C10
_RC1                         (abs)        007C11
_RC2                         (abs)        007C12
_RCEN                        (abs)        007E2B
_RCIF                        (abs)        007CF5
_RCREG                       (abs)        000FAE
_RD7                         (abs)        007C1F
_RSEN                        (abs)        007E29
_RX9                         (abs)        007D5E
_SEN                         (abs)        007E28
_SENDB                       (abs)        007D63
_SMP                         (abs)        007E3F
_SPBRG                       (abs)        000FAF
_SPEN                        (abs)        007D5F
_SSPADD                      (abs)        000FC8
_SSPBUF                      (abs)        000FC9
_SSPCON1                     (abs)        000FC6
_SSPIF                       (abs)        007CF3
_SYNC                        (abs)        007D64
_T08BIT                      (abs)        007EAE
_T0CS                        (abs)        007EAD
_TMR0                        (abs)        000FD6
_TMR0IE                      (abs)        007F95
_TMR0IF                      (abs)        007F92
_TMR0ON                      (abs)        007EAF
_TRISB                       (abs)        000F93
_TRISC                       (abs)        000F94
_TRISC3                      (abs)        007CA3
_TRISC4                      (abs)        007CA4
_TRISC6                      (abs)        007CA6
_TRISC7                      (abs)        007CA7
_TRISD                       (abs)        000F95
_TRISD7                      (abs)        007CAF
_TX9                         (abs)        007D66
_TXEN                        (abs)        007D65
_TXIF                        (abs)        007CF4
_TXREG                       (abs)        000FAD
_VCFG0                       (abs)        007E0C
_VCFG1                       (abs)        007E0D
_Y                           bssCOMRAM    00004E
__HRAM                       (abs)        000000
__H__absolute__              __absolute__ 000000
__Habs1                      abs1         000000
__Hbank0                     bank0        000000
__Hbank1                     bank1        000000
__Hbank2                     bank2        000000
__Hbank3                     bank3        000000
__Hbank4                     bank4        000000
__Hbank5                     bank5        000000
__Hbigbss                    bigbss       000000
__Hbigdata                   bigdata      000000
__Hbigram                    bigram       000000
__Hbigsfr                    bigsfr       000000
__Hbss                       bss          000000
__HbssBANK0                  bssBANK0     000000
__HbssBANK1                  bssBANK1     000000
__HbssCOMRAM                 bssCOMRAM    000000
__Hcinit                     cinit        000000
__Hclrtext                   clrtext      000000
__Hcomram                    comram       000000
__Hconfig                    config       30000E
__Hconst                     const        000000
__HcstackCOMRAM              cstackCOMRAM 000000
__Hdata                      data         000000
__HdataBANK0                 dataBANK0    000000
__HdataBANK2                 dataBANK2    000000
__HdataCOMRAM                dataCOMRAM   000000
__Heeprom_data               eeprom_data  000000
__Hfarbss                    farbss       000000
__Hfardata                   fardata      000000
__Hheap                      heap         000000
__Hibigdata                  ibigdata     000000
__Hidata                     idata        000000
__HidataBANK0                idataBANK0   000000
__HidataBANK2                idataBANK2   000000
__HidataCOMRAM               idataCOMRAM  000000
__Hidloc                     idloc        200008
__Hifardata                  ifardata     000000
__Hinit                      init         000012
__Hintcode                   intcode      00000E
__Hintcode_body              intcode_body 000000
__Hintcodelo                 intcodelo    00000E
__Hintentry                  intentry     000000
__Hintret                    intret       000000
__Hintsave_regs              intsave_regs 000000
__Hirdata                    irdata       000000
__Hmediumconst               mediumconst  003000
__HnvFARRAM                  nvFARRAM     000000
__Hnvbit                     nvbit        000000
__Hnvrram                    nvrram       000000
__Hparam                     rparam       000000
__Hpowerup                   powerup      00000E
__Hram                       ram          000000
__Hramtop                    ramtop       000600
__Hrbit                      rbit         000000
__Hrbss                      rbss         000000
__Hrdata                     rdata        000000
__Hreset_vec                 reset_vec    000004
__Hrparam                    rparam       000000
__Hsfr                       sfr          000000
__Hsmallconst                smallconst   000000
__Hspace_0                   (abs)        003000
__Hspace_1                   (abs)        000255
__Hspace_2                   (abs)        000000
__Hspace_4                   (abs)        60000E
__Hstack                     stack        000000
__Hstruct                    struct       000000
__Htemp                      temp         00005F
__Htext                      text         000000
__Htext0                     text0        000000
__Htext1                     text1        000000
__Htext10                    text10       000000
__Htext11                    text11       000000
__Htext12                    text12       000000
__Htext13                    text13       000000
__Htext14                    text14       000000
__Htext15                    text15       000000
__Htext16                    text16       000000
__Htext17                    text17       000000
__Htext18                    text18       000000
__Htext19                    text19       000000
__Htext2                     text2        000000
__Htext20                    text20       000000
__Htext21                    text21       000000
__Htext22                    text22       000000
__Htext23                    text23       000000
__Htext24                    text24       000000
__Htext25                    text25       000000
__Htext26                    text26       000000
__Htext27                    text27       000000
__Htext28                    text28       000000
__Htext29                    text29       000000
__Htext3                     text3        000000
__Htext30                    text30       000000
__Htext31                    text31       000000
__Htext32                    text32       000000
__Htext33                    text33       000000
__Htext34                    text34       000000
__Htext35                    text35       000000
__Htext36                    text36       000000
__Htext37                    text37       000000
__Htext38                    text38       000000
__Htext39                    text39       000000
__Htext4                     text4        000000
__Htext40                    text40       000000
__Htext41                    text41       000000
__Htext42                    text42       000000
__Htext43                    text43       000000
__Htext44                    text44       000000
__Htext5                     text5        000000
__Htext6                     text6        000000
__Htext7                     text7        000000
__Htext8                     text8        000000
__Htext9                     text9        000000
__LRAM                       (abs)        000001
__L__absolute__              __absolute__ 000000
__Labs1                      abs1         000000
__Lbank0                     bank0        000000
__Lbank1                     bank1        000000
__Lbank2                     bank2        000000
__Lbank3                     bank3        000000
__Lbank4                     bank4        000000
__Lbank5                     bank5        000000
__Lbigbss                    bigbss       000000
__Lbigdata                   bigdata      000000
__Lbigram                    bigram       000000
__Lbigsfr                    bigsfr       000000
__Lbss                       bss          000000
__LbssBANK0                  bssBANK0     000000
__LbssBANK1                  bssBANK1     000000
__LbssCOMRAM                 bssCOMRAM    000000
__Lcinit                     cinit        000000
__Lclrtext                   clrtext      000000
__Lcomram                    comram       000000
__Lconfig                    config       000000
__Lconst                     const        000000
__LcstackCOMRAM              cstackCOMRAM 000000
__Ldata                      data         000000
__LdataBANK0                 dataBANK0    000000
__LdataBANK2                 dataBANK2    000000
__LdataCOMRAM                dataCOMRAM   000000
__Leeprom_data               eeprom_data  000000
__Lfarbss                    farbss       000000
__Lfardata                   fardata      000000
__Lheap                      heap         000000
__Libigdata                  ibigdata     000000
__Lidata                     idata        000000
__LidataBANK0                idataBANK0   000000
__LidataBANK2                idataBANK2   000000
__LidataCOMRAM               idataCOMRAM  000000
__Lidloc                     idloc        000000
__Lifardata                  ifardata     000000
__Linit                      init         00000E
__Lintcode                   intcode      000008
__Lintcode_body              intcode_body 000000
__Lintcodelo                 intcodelo    00000E
__Lintentry                  intentry     000000
__Lintret                    intret       000000
__Lintsave_regs              intsave_regs 000000
__Lirdata                    irdata       000000
__Lmediumconst               mediumconst  002E52
__LnvFARRAM                  nvFARRAM     000000
__Lnvbit                     nvbit        000000
__Lnvrram                    nvrram       000000
__Lparam                     rparam       000000
__Lpowerup                   powerup      00000E
__Lram                       ram          000000
__Lramtop                    ramtop       000600
__Lrbit                      rbit         000000
__Lrbss                      rbss         000000
__Lrdata                     rdata        000000
__Lreset_vec                 reset_vec    000000
__Lrparam                    rparam       000000
__Lsfr                       sfr          000000
__Lsmallconst                smallconst   000000
__Lspace_0                   (abs)        000000
__Lspace_1                   (abs)        000000
__Lspace_2                   (abs)        000000
__Lspace_4                   (abs)        000000
__Lstack                     stack        000000
__Lstruct                    struct       000000
__Ltemp                      temp         00005E
__Ltext                      text         000000
__Ltext0                     text0        000000
__Ltext1                     text1        000000
__Ltext10                    text10       000000
__Ltext11                    text11       000000
__Ltext12                    text12       000000
__Ltext13                    text13       000000
__Ltext14                    text14       000000
__Ltext15                    text15       000000
__Ltext16                    text16       000000
__Ltext17                    text17       000000
__Ltext18                    text18       000000
__Ltext19                    text19       000000
__Ltext2                     text2        000000
__Ltext20                    text20       000000
__Ltext21                    text21       000000
__Ltext22                    text22       000000
__Ltext23                    text23       000000
__Ltext24                    text24       000000
__Ltext25                    text25       000000
__Ltext26                    text26       000000
__Ltext27                    text27       000000
__Ltext28                    text28       000000
__Ltext29                    text29       000000
__Ltext3                     text3        000000
__Ltext30                    text30       000000
__Ltext31                    text31       000000
__Ltext32                    text32       000000
__Ltext33                    text33       000000
__Ltext34                    text34       000000
__Ltext35                    text35       000000
__Ltext36                    text36       000000
__Ltext37                    text37       000000
__Ltext38                    text38       000000
__Ltext39                    text39       000000
__Ltext4                     text4        000000
__Ltext40                    text40       000000
__Ltext41                    text41       000000
__Ltext42                    text42       000000
__Ltext43                    text43       000000
__Ltext44                    text44       000000
__Ltext5                     text5        000000
__Ltext6                     text6        000000
__Ltext7                     text7        000000
__Ltext8                     text8        000000
__Ltext9                     text9        000000
__S0                         (abs)        003000
__S1                         (abs)        000255
__S4                         (abs)        000000
__S5                         (abs)        000000
___awdiv                     text38       002130
___awdiv@counter             cstackCOMRAM 000005
___awdiv@dividend            cstackCOMRAM 000001
___awdiv@divisor             cstackCOMRAM 000003
___awdiv@quotient            cstackCOMRAM 000007
___awdiv@sign                cstackCOMRAM 000006
___awmod                     text37       0021F4
___awmod@counter             cstackCOMRAM 000005
___awmod@dividend            cstackCOMRAM 000001
___awmod@divisor             cstackCOMRAM 000003
___awmod@sign                cstackCOMRAM 000006
___fldiv                     text44       000E82
___fldiv@a                   cstackCOMRAM 000013
___fldiv@aexp                cstackCOMRAM 000027
___fldiv@b                   cstackCOMRAM 00000F
___fldiv@bexp                cstackCOMRAM 000026
___fldiv@grs                 cstackCOMRAM 000022
___fldiv@new_exp             cstackCOMRAM 000020
___fldiv@rem                 cstackCOMRAM 00001B
___fldiv@sign                cstackCOMRAM 00001F
___fltol                     text43       00202A
___fltol@exp1                cstackCOMRAM 000031
___fltol@f1                  cstackCOMRAM 000028
___fltol@sign1               cstackCOMRAM 000030
___heap_hi                   (abs)        000000
___heap_lo                   (abs)        000000
___inthi_sp                  stack        000000
___intlo_sp                  stack        000000
___param_bank                (abs)        000000
___rparam_used               (abs)        000001
___sp                        stack        000000
___wmul                      text4        0028AE
___wmul@multiplicand         cstackCOMRAM 000003
___wmul@multiplier           cstackCOMRAM 000001
___wmul@product              cstackCOMRAM 000005
___xxtofl                    text42       001C00
___xxtofl@arg                cstackCOMRAM 00000B
___xxtofl@exp                cstackCOMRAM 00000A
___xxtofl@sign               cstackCOMRAM 000009
___xxtofl@val                cstackCOMRAM 000001
__accesstop                  (abs)        000060
__activetblptr               (abs)        000002
__end_of___awdiv             text38       0021F4
__end_of___awmod             text37       0022A4
__end_of___fldiv             text44       00121C
__end_of___fltol             text43       002130
__end_of___wmul              text4        0028D4
__end_of___xxtofl            text42       001DB4
__end_of__initialization     cinit        0023D0
__end_of_change_pass         text25       000E82
__end_of_clcd_print          text40       0025B8
__end_of_clcd_putch          text39       002982
__end_of_clcd_write          text41       00282E
__end_of_clear_log           text24       002460
__end_of_dashboard           text23       00254C
__end_of_download_log        text20       0017EC
__end_of_get_time            text18       00261A
__end_of_i2c_idle            text35       0029D0
__end_of_i2c_no_ack          text36       002A0E
__end_of_i2c_read            text33       0029E8
__end_of_i2c_rep_start       text32       002A00
__end_of_i2c_rx_mode         text34       002A08
__end_of_i2c_start           text31       0029F8
__end_of_i2c_stop            text30       0029F0
__end_of_i2c_write           text29       0029DC
__end_of_init_adc            text17       002934
__end_of_init_clcd           text16       00234C
__end_of_init_ds1307         text14       0027B4
__end_of_init_i2c            text13       002998
__end_of_init_matrix_keypad  text12       0029BE
__end_of_init_timer0         text11       0029AC
__end_of_init_uart           text10       002914
__end_of_inti_config         text9        0028F4
__end_of_isr                 intcode_body 0026D2
__end_of_main                text0        001A42
__end_of_menu                text8        001C00
__end_of_password            text7        001580
__end_of_putch               text22       00296A
__end_of_puts                text21       002678
__end_of_read_adc            text6        00276E
__end_of_read_ds1307         text19       002884
__end_of_read_ext_eeprom     text28       0028AE
__end_of_read_switches       text2        0024D6
__end_of_scan_key            text3        00202A
__end_of_set_time            text5        0006C0
__end_of_store_event         text26       001F22
__end_of_view_log            text1        000AA6
__end_of_write_ds1307        text15       002952
__end_of_write_ext_eeprom    text27       0027F4
__initialization             cinit        00234C
__mediumconst                mediumconst  002E52
__pbssBANK0                  bssBANK0     000060
__pbssBANK1                  bssBANK1     000100
__pbssCOMRAM                 bssCOMRAM    000033
__pcinit                     cinit        00234C
__pcstackCOMRAM              cstackCOMRAM 000001
__pdataBANK0                 dataBANK0    0000AC
__pdataBANK2                 dataBANK2    000200
__pdataCOMRAM                dataCOMRAM   00005A
__pidataBANK0                idataBANK0   00282E
__pidataBANK2                idataBANK2   0026D2
__pidataCOMRAM               idataCOMRAM  002A0E
__pintcode                   intcode      000008
__pintcode_body              intcode_body 002678
__pmediumconst               mediumconst  002E52
__ptext0                     text0        0017EC
__ptext1                     text1        0006C0
__ptext10                    text10       0028F4
__ptext11                    text11       002998
__ptext12                    text12       0029AC
__ptext13                    text13       002982
__ptext14                    text14       00276E
__ptext15                    text15       002934
__ptext16                    text16       0022A4
__ptext17                    text17       002914
__ptext18                    text18       0025B8
__ptext19                    text19       00285A
__ptext2                     text2        002460
__ptext20                    text20       001580
__ptext21                    text21       00261A
__ptext22                    text22       002952
__ptext23                    text23       0024D6
__ptext24                    text24       0023DE
__ptext25                    text25       000AA6
__ptext26                    text26       001DB4
__ptext27                    text27       0027B4
__ptext28                    text28       002884
__ptext29                    text29       0029D0
__ptext3                     text3        001F22
__ptext30                    text30       0029E8
__ptext31                    text31       0029F0
__ptext32                    text32       0029F8
__ptext33                    text33       0029DC
__ptext34                    text34       002A00
__ptext35                    text35       0029BE
__ptext36                    text36       002A08
__ptext37                    text37       0021F4
__ptext38                    text38       002130
__ptext39                    text39       00296A
__ptext4                     text4        0028AE
__ptext40                    text40       00254C
__ptext41                    text41       0027F4
__ptext42                    text42       001C00
__ptext43                    text43       00202A
__ptext44                    text44       000E82
__ptext5                     text5        000012
__ptext6                     text6        002728
__ptext7                     text7        00121C
__ptext8                     text8        001A42
__ptext9                     text9        0028D4
__ramtop                     ramtop       000600
__smallconst                 smallconst   000000
_adc_reg_val                 bssBANK0     0000A1
_arrow_st                    bssCOMRAM    00004F
_attempt                     dataCOMRAM   00005C
_attempt_f                   bssCOMRAM    00004B
_blink                       bssCOMRAM    000039
_blink_delay                 bssBANK0     000099
_blink_state                 bssCOMRAM    000051
_change_pass                 text25       000AA6
_clcd_print                  text40       00254C
_clcd_putch                  text39       00296A
_clcd_write                  text41       0027F4
_clear_log                   text24       0023DE
_clock_reg                   bssBANK0     000082
_count1                      bssCOMRAM    00003D
_d_log                       bssBANK1     000100
_dashboard                   text23       0024D6
_download_log                text20       001580
_ev                          dataBANK0    0000B1
_ev_ind                      bssCOMRAM    000056
_field                       bssCOMRAM    000044
_flag                        bssCOMRAM    00004C
_get_time                    text18       0025B8
_go_back_f                   bssBANK0     00009B
_hr                          bssCOMRAM    000047
_i                           bssCOMRAM    00003F
_i1                          bssBANK0     00008B
_i2c_idle                    text35       0029BE
_i2c_no_ack                  text36       002A08
_i2c_read                    text33       0029DC
_i2c_rep_start               text32       0029F8
_i2c_rx_mode                 text34       002A00
_i2c_start                   text31       0029F0
_i2c_stop                    text30       0029E8
_i2c_write                   text29       0029D0
_in_flag                     bssCOMRAM    000049
_init_adc                    text17       002914
_init_clcd                   text16       0022A4
_init_ds1307                 text14       00276E
_init_i2c                    text13       002982
_init_matrix_keypad          text12       0029AC
_init_timer0                 text11       002998
_init_uart                   text10       0028F4
_input_pass                  bssBANK0     00007E
_inti_config                 text9        0028D4
_isr                         intcode      000008
_j1                          bssCOMRAM    000035
_key                         bssCOMRAM    000054
_log                         bssCOMRAM    000041
_main                        text0        0017EC
_main_f                      bssCOMRAM    000055
_menu                        text8        001A42
_menu_f                      bssCOMRAM    000053
_menu_ind                    bssCOMRAM    000050
_menu_key                    bssCOMRAM    000052
_menu_op                     dataBANK2    000200
_min                         bssCOMRAM    000046
_n                           bssCOMRAM    000037
_pa                          bssBANK0     000074
_pass                        dataBANK0    0000AC
_password                    text7        00121C
_putch                       text22       002952
_puts                        text21       00261A
_re_flag                     bssBANK0     00009D
_read_adc                    text6        002728
_read_ds1307                 text19       00285A
_read_ext_eeprom             text28       002884
_read_switches               text2        002460
_repa                        bssBANK0     00006A
_same                        bssBANK0     00009F
_scan_key                    text3        001F22
_sec                         dataCOMRAM   00005D
_secs                        bssCOMRAM    000045
_set                         dataCOMRAM   00005B
_set_time                    text5        000012
_sp1                         bssCOMRAM    000058
_sp2                         bssCOMRAM    000057
_speed                       bssCOMRAM    000059
_store                       bssBANK0     000060
_store_event                 text26       001DB4
_tc_flag                     bssCOMRAM    00004D
_time                        bssBANK0     0000A3
_time1                       bssBANK0     000093
_time2                       bssCOMRAM    00003B
_time3                       bssBANK0     00008F
_time4                       bssBANK0     00008D
_time5                       bssBANK0     000089
_time6                       bssBANK0     000087
_timeout                     bssCOMRAM    000048
_view_array                  bssBANK1     00018C
_view_ind                    bssCOMRAM    000033
_view_log                    text1        0006C0
_wait                        bssBANK0     000091
_wait1                       bssBANK0     000097
_wait3                       bssBANK0     000095
_wait_f                      bssCOMRAM    00004A
_write_ds1307                text15       002934
_write_ext_eeprom            text27       0027B4
btemp                        temp         00005E
change_pass@key              cstackCOMRAM 00000F
clcd_print@addr              cstackCOMRAM 000005
clcd_print@data              cstackCOMRAM 000003
clcd_putch@addr              cstackCOMRAM 000009
clcd_putch@data              cstackCOMRAM 00000A
clcd_write@byte              cstackCOMRAM 000002
clcd_write@control_bit       cstackCOMRAM 000001
end_of_initialization        cinit        0023D0
i2c_write@data               cstackCOMRAM 000001
init_ds1307@dummy            cstackCOMRAM 000004
int$flags                    temp         00005E
int_func                     intcode_body 002678
intlevel0                    text         000000
intlevel1                    text         000000
intlevel2                    text         000000
intlevel3                    text         000000
isa$std                      (abs)        000001
isa$xinst                    (abs)        000000
isr@count                    bssBANK0     000085
menu@menu_key                cstackCOMRAM 00000B
password@key                 cstackCOMRAM 00000D
putch@byte                   cstackCOMRAM 000001
puts@s                       cstackCOMRAM 000002
read_adc@channel             cstackCOMRAM 000007
read_adc@reg_val             cstackCOMRAM 000005
read_ds1307@address          cstackCOMRAM 000002
read_ds1307@data             cstackCOMRAM 000003
read_ext_eeprom@address      cstackCOMRAM 000002
read_ext_eeprom@data         cstackCOMRAM 000003
read_switches@detection_type cstackCOMRAM 000001
read_switches@key            bssCOMRAM    000043
read_switches@once           dataCOMRAM   00005A
set_time@hr_reg              cstackCOMRAM 00000D
set_time@menu_key            cstackCOMRAM 000010
set_time@min_reg             cstackCOMRAM 00000E
set_time@sec_reg             cstackCOMRAM 00000F
stackhi                      (abs)        000000
stacklo                      (abs)        000000
start                        init         00000E
start_initialization         cinit        00234C
ttemp5                       temp         00005F
ttemp6                       temp         000062
ttemp7                       temp         000066
view_log@key                 cstackCOMRAM 00000E
write_ds1307@address         cstackCOMRAM 000003
write_ds1307@data            cstackCOMRAM 000002
write_ext_eeprom@address     cstackCOMRAM 000007
write_ext_eeprom@data        cstackCOMRAM 000004
write_ext_eeprom@i           cstackCOMRAM 000005
wtemp8                       temp         00005F


MODULE INFORMATION

Module		Function		Class		Link	Load	Size
C:\Program Files\Microchip\xc8\v2.41\pic\sources\c99\common\awmod.c
		___awmod       		CODE           	21F4	0000	176

C:\Program Files\Microchip\xc8\v2.41\pic\sources\c99\common\awmod.c estimated size: 176

password.c
		_password      		CODE           	121C	0000	868

password.c estimated size: 868

download_log.c
		_download_log  		CODE           	1580	0000	620

download_log.c estimated size: 620

matrix_keypad.c
		_init_matrix_keypad		CODE           	29AC	0000	18
		_read_switches 		CODE           	2460	0000	118
		_scan_key      		CODE           	1F22	0000	264

matrix_keypad.c estimated size: 400

C:\Program Files\Microchip\xc8\v2.41\pic\sources\c99\common\fltol.c
		___fltol       		CODE           	202A	0000	262

C:\Program Files\Microchip\xc8\v2.41\pic\sources\c99\common\fltol.c estimated size: 262

uart.c
		_putch         		CODE           	2952	0000	24
		_init_uart     		CODE           	28F4	0000	32
		_puts          		CODE           	261A	0000	94

uart.c estimated size: 150

C:\Program Files\Microchip\xc8\v2.41\pic\sources\c99\common\xxtofl.c
		___xxtofl      		CODE           	1C00	0000	436

C:\Program Files\Microchip\xc8\v2.41\pic\sources\c99\common\xxtofl.c estimated size: 436

store_event.c
		_store_event   		CODE           	1DB4	0000	366

store_event.c estimated size: 366

i2c.c
		_i2c_start     		CODE           	29F0	0000	8
		_i2c_no_ack    		CODE           	2A08	0000	6
		_i2c_rep_start 		CODE           	29F8	0000	8
		_i2c_idle      		CODE           	29BE	0000	18
		_i2c_write     		CODE           	29D0	0000	12
		_i2c_stop      		CODE           	29E8	0000	8
		_i2c_read      		CODE           	29DC	0000	12
		_init_i2c      		CODE           	2982	0000	22
		_i2c_rx_mode   		CODE           	2A00	0000	8

i2c.c estimated size: 102

C:\Program Files\Microchip\xc8\v2.41\pic\sources\c99\common\awdiv.c
		___awdiv       		CODE           	2130	0000	196

C:\Program Files\Microchip\xc8\v2.41\pic\sources\c99\common\awdiv.c estimated size: 196

dashboard.c
		_dashboard     		CODE           	24D6	0000	118

dashboard.c estimated size: 118

timer0.c
		_init_timer0   		CODE           	2998	0000	20

timer0.c estimated size: 20

ds1307.c
		_read_ds1307   		CODE           	285A	0000	42
		_write_ds1307  		CODE           	2934	0000	30
		_init_ds1307   		CODE           	276E	0000	70

ds1307.c estimated size: 142

adc.c
		_init_adc      		CODE           	2914	0000	32
		_read_adc      		CODE           	2728	0000	70

adc.c estimated size: 102

clear_log.c
		_clear_log     		CODE           	23DE	0000	130

clear_log.c estimated size: 130

isr.c
		_isr           		CODE           	0008	0000	96

isr.c estimated size: 96

change_password.c
		_change_pass   		CODE           	0AA6	0000	988

change_password.c estimated size: 988

shared
		__initialization		CODE           	234C	0000	132

shared estimated size: 132

clcd.c
		_clcd_write    		CODE           	27F4	0000	58
		_clcd_print    		CODE           	254C	0000	108
		_clcd_putch    		CODE           	296A	0000	24
		_init_clcd     		CODE           	22A4	0000	168

clcd.c estimated size: 358

menu.c
		_menu          		CODE           	1A42	0000	446

menu.c estimated size: 446

C:\Program Files\Microchip\xc8\v2.41\pic\sources\c99\common\Umul16.c
		___wmul        		CODE           	28AE	0000	38

C:\Program Files\Microchip\xc8\v2.41\pic\sources\c99\common\Umul16.c estimated size: 38

set_time.c
		_set_time      		CODE           	0012	0000	1710

set_time.c estimated size: 1710

ext_eeprom.c
		_write_ext_eeprom		CODE           	27B4	0000	64
		_read_ext_eeprom		CODE           	2884	0000	42

ext_eeprom.c estimated size: 106

main.c
		_main          		CODE           	17EC	0000	598
		_inti_config   		CODE           	28D4	0000	32
		_get_time      		CODE           	25B8	0000	98

main.c estimated size: 728

view_log.c
		_view_log      		CODE           	06C0	0000	998

view_log.c estimated size: 998

C:\Program Files\Microchip\xc8\v2.41\pic\sources\c99\common\sprcdiv.c
		___fldiv       		CODE           	0E82	0000	922

C:\Program Files\Microchip\xc8\v2.41\pic\sources\c99\common\sprcdiv.c estimated size: 922

